// Jest Snapshot v1, https://goo.gl/fbAQLP

exports[`Layout => Header => Menu should match the snapshot 1`] = `
<DocumentFragment>
  <div
    class="sc-aXZVg SZldW"
  >
    <a
      class="sc-gEvEer fzmjnB ({
          isActive
        }) => isActive ? 'active' : ''"
      href="/bridge"
    >
      Bridge
    </a>
    <a
      class="sc-gEvEer fzmjnB ({
          isActive
        }) => isActive ? 'active' : ''"
      href="/history"
    >
      History
    </a>
    <a
      class="sc-gEvEer fzmjnB ({
          isActive
        }) => isActive ? 'active' : ''"
      href="/earn"
    >
      Earn
    </a>
    <a
      class="sc-gEvEer fzmjnB ({
          isActive
        }) => isActive ? 'active' : ''"
      href="/stake"
    >
      Stake
    </a>
    <a
      class="sc-gEvEer fzmjnB ({
          isActive
        }) => isActive ? 'active' : ''"
      href="/DAO"
    >
      Dao
    </a>
  </div>
</DocumentFragment>
`;
