// Jest Snapshot v1, https://goo.gl/fbAQLP

exports[`BridgeToAddress should match Snapshot in case of L1 & Classic Bridge  1`] = `
<DocumentFragment>
  <div
    class="sc-dAbbOL jUHoEt"
  >
    <p
      class="sc-imWYAI cvMsuV sc-cWSHoV kFedEW"
    >
      Destination Address
    </p>
    <div
      class="sc-eBMEME kWwcpW"
    >
      <input
        class="sc-dCFHLb bXTpAO"
        id="address"
        name="address"
        placeholder="Enter destination address"
        type="string"
        value=""
      />
      <button
        class="sc-fhzFiK fxZYAZ"
      >
        Paste
      </button>
    </div>
  </div>
</DocumentFragment>
`;
