// Jest Snapshot v1, https://goo.gl/fbAQLP

exports[`BridgeToAddress should match Snapshot in case of L1 & Classic Bridge  1`] = `
<DocumentFragment>
  <div
    class="sc-ikkxIA gBxIZy"
  >
    <p
      class="sc-dAlyuH jxulBe sc-dtBdUo kpWPfo"
    >
      Destination Address
    </p>
    <div
      class="sc-kOHTFB ktvblB"
    >
      <input
        class="sc-dtInlm hqtlRL"
        id="address"
        name="address"
        placeholder="Enter destination address"
        type="string"
        value=""
      />
      <button
        class="sc-kOPcWz hUctCX"
      >
        Paste
      </button>
    </div>
  </div>
</DocumentFragment>
`;
