// Jest Snapshot v1, https://goo.gl/fbAQLP

exports[`Layout => Header should match the snapshot 1`] = `
<DocumentFragment>
  <div
    class="sc-fPXMVe ftesQA"
  >
    <a
      class=""
      href="/bridge"
    >
      <div
        class="sc-gFqAkR jmtPti"
      />
    </a>
    <div
      class="sc-hzhJZQ eTHxzX"
    >
      <a
        class="sc-fHjqPf frKNMc ({
              isActive
            }) => {
              /* istanbul ignore next */
              cov_e5m933x91().f[2]++;
              cov_e5m933x91().s[6]++;
              return isActive ?
              /* istanbul ignore next */
              (cov_e5m933x91().b[2][0]++, 'active') :
              /* istanbul ignore next */
              (cov_e5m933x91().b[2][1]++, '');
            }"
        href="/bridge"
      >
        Bridge
      </a>
      <a
        class="sc-fHjqPf frKNMc ({
              isActive
            }) => {
              /* istanbul ignore next */
              cov_e5m933x91().f[2]++;
              cov_e5m933x91().s[6]++;
              return isActive ?
              /* istanbul ignore next */
              (cov_e5m933x91().b[2][0]++, 'active') :
              /* istanbul ignore next */
              (cov_e5m933x91().b[2][1]++, '');
            }"
        href="/history"
      >
        History
      </a>
      <a
        class="sc-fHjqPf frKNMc ({
              isActive
            }) => {
              /* istanbul ignore next */
              cov_e5m933x91().f[2]++;
              cov_e5m933x91().s[6]++;
              return isActive ?
              /* istanbul ignore next */
              (cov_e5m933x91().b[2][0]++, 'active') :
              /* istanbul ignore next */
              (cov_e5m933x91().b[2][1]++, '');
            }"
        href="/earn"
      >
        Earn
      </a>
      <a
        class="sc-fHjqPf frKNMc ({
              isActive
            }) => {
              /* istanbul ignore next */
              cov_e5m933x91().f[2]++;
              cov_e5m933x91().s[6]++;
              return isActive ?
              /* istanbul ignore next */
              (cov_e5m933x91().b[2][0]++, 'active') :
              /* istanbul ignore next */
              (cov_e5m933x91().b[2][1]++, '');
            }"
        href="/stake"
      >
        Stake
      </a>
      <a
        class="sc-fHjqPf frKNMc ({
              isActive
            }) => {
              /* istanbul ignore next */
              cov_e5m933x91().f[2]++;
              cov_e5m933x91().s[6]++;
              return isActive ?
              /* istanbul ignore next */
              (cov_e5m933x91().b[2][0]++, 'active') :
              /* istanbul ignore next */
              (cov_e5m933x91().b[2][1]++, '');
            }"
        href="/DAO"
      >
        Dao
      </a>
    </div>
    <div
      class="sc-ikkxIA fOPkmS"
    >
      <button
        class="sc-cwHptR gLbuCq"
        label="Connect Wallet"
        style="white-space: nowrap;"
        type="button"
      >
         Connect Wallet
      </button>
      <div
        class="sc-dAbbOL cvqTyF"
      >
        <div
          class="sc-feUZmu jPLZfu"
        >
          <div>
            <div
              data-src="hamburger.svg"
              src=""
            />
          </div>
        </div>
      </div>
      <div
        class="sc-fUnMCh lmwSPa"
        title="light-icon"
      >
        <div>
          <div>
            <div
              data-src="theme-sun.svg"
              src=""
            />
          </div>
        </div>
      </div>
    </div>
  </div>
</DocumentFragment>
`;
