// Jest Snapshot v1, https://goo.gl/fbAQLP

exports[`NotificationBanner  should match snapshot and check show banner when open set to true 1`] = `
<DocumentFragment>
  <div
    class="sc-fPXMVe eZblLk open "
  >
    <p
      class="sc-dAlyuH eGlSty sc-gFqAkR guazbW"
      data-testid="message"
    >
      BobaAvax (Fuji) is being wound down & will no longer be available, starting October 31st
      <span
        class="sc-ikkxIA izVdUp"
        role="readMore"
      >
        Read more
      </span>
    </p>
  </div>
</DocumentFragment>
`;

exports[`NotificationBanner  should match snapshot without message 1`] = `
<DocumentFragment>
  <div
    class="sc-fPXMVe eZblLk open "
  >
    <p
      class="sc-dAlyuH eGlSty sc-gFqAkR guazbW"
      data-testid="message"
    >
      BobaAvax (Fuji) is being wound down & will no longer be available, starting October 31st
      <span
        class="sc-ikkxIA izVdUp"
        role="readMore"
      >
        Read more
      </span>
    </p>
  </div>
</DocumentFragment>
`;
