// Jest Snapshot v1, https://goo.gl/fbAQLP

exports[`NotificationBanner  should match snapshot and check show banner when open set to true 1`] = `
<DocumentFragment>
  <div
    class="sc-eldPxv kURfrF open "
  >
    <p
      class="sc-imWYAI dZiXLh sc-fPXMVe iDzhsu"
      data-testid="message"
    >
      Banner message lorem ipsumlorem ipsumlorem ipsumlorem ipsumlorem ipsumlorem ipsumlorem ipsumlorem ipsumlorem ipsum
      <span
        class="sc-gFqAkR fvxTME"
        role="readMore"
      >
        Read more
      </span>
    </p>
  </div>
</DocumentFragment>
`;

exports[`NotificationBanner  should match snapshot without message 1`] = `
<DocumentFragment>
  <div
    class="sc-eldPxv kURfrF open "
  >
    <p
      class="sc-imWYAI dZiXLh sc-fPXMVe iDzhsu"
      data-testid="message"
    >
      Banner message lorem ipsumlorem ipsumlorem ipsumlorem ipsumlorem ipsumlorem ipsumlorem ipsumlorem ipsumlorem ipsum
      <span
        class="sc-gFqAkR fvxTME"
        role="readMore"
      >
        Read more
      </span>
    </p>
  </div>
</DocumentFragment>
`;
