// Jest Snapshot v1, https://goo.gl/fbAQLP

exports[`Testing history page Test History Page 1`] = `
<DocumentFragment>
  <div
    class="sc-koXPp kwSKhy"
  >
    <div
      class="sc-bmzYkS gohhDd"
    >
      <div
        class="sc-brPLxw gSYRsj"
      >
        <div>
          <div>
            <div
              data-src="magnifyingGlass.svg"
              src=""
            />
          </div>
        </div>
        <input
          class="sc-iMWBiJ dbejvo"
          placeholder="Search Here"
          value=""
        />
      </div>
      <div
        class="sc-dtBdUo gZNJfW"
      >
        <p
          class="sc-dAlyuH eGlSty sc-cfxfcM jdJDXQ"
        >
          Date Range From
        </p>
        <div
          class="sc-ddjGPC eqWtEY"
        >
          <div
            class="sc-iHbSHJ fxdokH"
          >
            02/24/2023
          </div>
        </div>
        <p
          class="sc-dAlyuH eGlSty sc-cfxfcM jdJDXQ"
        >
          To
        </p>
        <div
          class="sc-ddjGPC eqWtEY"
        >
          <div
            class="sc-iHbSHJ fxdokH"
          >
            08/24/2023
          </div>
        </div>
      </div>
      <div
        class="sc-kOHTFB huuhJz"
      >
        <p
          class="sc-dAlyuH eGlSty sc-gFAWRd dYZAzm"
        >
          Date Range
        </p>
        <div
          class="sc-ddjGPC eqWtEY"
        >
          <div
            class="sc-iHbSHJ fxdokH"
          >
            02/24/2023 - 08/24/2023
          </div>
        </div>
      </div>
    </div>
    <div
      class="sc-hCPjZK iMkuUa"
    >
      <div
        style="width: 100%; display: flex; flex-direction: column;"
      >
        <div
          class="sc-iHGNWf cyxnMG"
          style="width: 100%;"
        >
          <div
            class="sc-kOPcWz eFwRNQ"
          >
            <p
              class="sc-dAlyuH eGlSty"
            >
              From
            </p>
            <div
              class="sc-fPXMVe ceppIJ dropdown sc-gmPhUn dGUYIG"
            >
              <div
                class="sc-gFqAkR bIEbk dropdown sc-gmPhUn dGUYIG"
              >
                <div
                  class="sc-feUZmu hAnnvI"
                >
                  <div
                    class="sc-ikkxIA cMogLc"
                  >
                    <div
                      class="sc-hzhJZQ bhNdhs"
                    >
                      <div>
                        <div
                          data-src="allNetworks.svg"
                          src=""
                        />
                      </div>
                    </div>
                  </div>
                  <p
                    class="sc-dAlyuH eGlSty"
                  >
                    All Networks
                  </p>
                  <div
                    class="sc-bXCLTC cVmHtU dropdown sc-gmPhUn dGUYIG"
                  >
                    <div>
                      <div
                        data-src="arrowdown.svg"
                        src=""
                      />
                    </div>
                  </div>
                </div>
              </div>
            </div>
            <div
              class="sc-uVWWZ ldWlJd"
            >
              <div
                class="sc-hknOHE ctcVJg"
              >
                <div>
                  <div
                    data-src="switchIcon.svg"
                    src=""
                  />
                </div>
              </div>
            </div>
            <p
              class="sc-dAlyuH eGlSty"
            >
              To
            </p>
            <div
              class="sc-fPXMVe ceppIJ dropdown sc-gmPhUn dGUYIG"
            >
              <div
                class="sc-gFqAkR bIEbk dropdown sc-gmPhUn dGUYIG"
              >
                <div
                  class="sc-feUZmu hAnnvI"
                >
                  <div
                    class="sc-ikkxIA cMogLc"
                  >
                    <div
                      class="sc-hzhJZQ bhNdhs"
                    >
                      <div>
                        <div
                          data-src="allNetworks.svg"
                          src=""
                        />
                      </div>
                    </div>
                  </div>
                  <p
                    class="sc-dAlyuH eGlSty"
                  >
                    All Networks
                  </p>
                  <div
                    class="sc-bXCLTC cVmHtU dropdown sc-gmPhUn dGUYIG"
                  >
                    <div>
                      <div
                        data-src="arrowdown.svg"
                        src=""
                      />
                    </div>
                  </div>
                </div>
              </div>
            </div>
          </div>
          <div
            class="sc-dSCufp dzIwbO dropdown undefined"
          >
            <div
              class="sc-fxwrCY iuGnDM"
            >
              <div
                class="sc-hIUJlX ofQuu"
              >
                <div
                  class="sc-eZkCL dNpwny"
                >
                  <div>
                    <div
                      data-src="filter.svg"
                      src=""
                    />
                  </div>
                </div>
              </div>
            </div>
          </div>
        </div>
      </div>
      <div
        class="sc-hRJfrW eoxWCH"
      >
        <div
          class="sc-gEvEer gHvMIw sc-jXbUNg UKQct sc-kAkpmW WHTig"
        >
          <div
            class="sc-gEvEer gHvMIw sc-kpDqfm dNCyQl sc-kAkpmW WHTig"
            style="max-width: 168px;"
          >
            <p
              class="sc-dAlyuH eGlSty sc-jlZhew kGWgis"
            >
              Date
            </p>
          </div>
          <div
            class="sc-gEvEer gHvMIw sc-kpDqfm dNCyQl sc-kAkpmW WHTig"
            style="max-width: 142px;"
          >
            <p
              class="sc-dAlyuH eGlSty sc-jlZhew kGWgis"
            >
              From
            </p>
          </div>
          <div
            class="sc-gEvEer gHvMIw sc-kpDqfm dNCyQl sc-kAkpmW WHTig"
            style="max-width: 142px;"
          >
            <p
              class="sc-dAlyuH eGlSty sc-jlZhew kGWgis"
            >
              To
            </p>
          </div>
          <div
            class="sc-gEvEer gHvMIw sc-kpDqfm dNCyQl sc-kAkpmW WHTig"
            style="max-width: 90px;"
          >
            <p
              class="sc-dAlyuH eGlSty sc-jlZhew kGWgis"
            >
              Token
            </p>
          </div>
          <div
            class="sc-gEvEer gHvMIw sc-kpDqfm dNCyQl sc-kAkpmW WHTig"
            style="max-width: 80px;"
          >
            <p
              class="sc-dAlyuH eGlSty sc-jlZhew kGWgis"
            >
              Amount
            </p>
          </div>
          <div
            class="sc-gEvEer gHvMIw sc-kpDqfm dNCyQl sc-kAkpmW WHTig"
            style="max-width: 88px;"
          >
            <p
              class="sc-dAlyuH eGlSty sc-jlZhew kGWgis"
            >
              Status
            </p>
          </div>
        </div>
        <div
          class="sc-eBMEME dVaNsN"
        >
          <div
            class="sc-gEvEer gHvMIw sc-dhKdcB enHwnG sc-gFVvzn dXXkBv"
          >
            <div
              class="sc-gEvEer gHvMIw sc-kpDqfm dNCyQl sc-gFVvzn dXXkBv"
              style="max-width: 168px;"
            >
              <div
                class="sc-dCFHLb jpVGjy"
              >
                11 Jul 2023 02:27 PM
              </div>
            </div>
            <div
              class="sc-gEvEer gHvMIw sc-kpDqfm dNCyQl sc-gFVvzn dXXkBv"
              style="max-width: 142px;"
            >
              <div
                class="sc-fhzFiK ejIwNm"
              >
                <div
                  class="sc-fjvvzt fZRxIa"
                >
                  <div
                    class="sc-bbSZdi iLQiTi"
                  >
                    <div>
                      <div
                        data-src="ethereum.svg"
                        src=""
                      />
                    </div>
                  </div>
                </div>
                <div
                  class="sc-jxOSlx endZYO"
                >
                  <div
                    class="sc-lcIPJg hCgCxe"
                  >
                    Goerli
                  </div>
                  <a
                    class="sc-kdBSHD deZiCf"
                    href="https://goerli.etherscan.io/tx/0xff7923d5f7738b491c1362165ba7c7a6eb665ce0ba142478bd1f9dfd33c81468"
                    rel="noopener noreferrer"
                    target="_blank"
                  >
                    Tx: 0xff...1468
                  </a>
                </div>
              </div>
            </div>
            <div
              class="sc-gEvEer gHvMIw sc-kpDqfm dNCyQl sc-gFVvzn dXXkBv"
              style="max-width: 142px;"
            >
              <div
                class="sc-fhzFiK ejIwNm"
              >
                <div
                  class="sc-fjvvzt fZRxIa"
                >
                  <div
                    class="sc-bbSZdi iLQiTi"
                  >
                    <div>
                      <div
                        data-src="bobaEth.svg"
                        src=""
                      />
                    </div>
                  </div>
                </div>
                <div
                  class="sc-jxOSlx endZYO"
                >
                  <div
                    class="sc-lcIPJg hCgCxe"
                  >
                    Boba Goerli
                  </div>
                  <a
                    class="sc-kdBSHD deZiCf"
                    href="https://testnet.bobascan.com/tx/0xf1421f4f8cc3a5b9a36068d4d19dfe55624672066b427eec6de04d3766e977f5"
                    rel="noopener noreferrer"
                    target="_blank"
                  >
                    Tx: 0xf1...77f5
                  </a>
                </div>
              </div>
            </div>
            <div
              class="sc-gEvEer gHvMIw sc-kpDqfm dNCyQl sc-gFVvzn dXXkBv"
              style="max-width: 90px;"
            >
              <div
                class="sc-esYiGF cCTKcj"
              >
                <div
                  class="sc-fjvvzt fZRxIa"
                >
                  <img
                    alt="boba network"
                    class="sc-fBWQRz cFLrru"
                    src="Boba_Logo_White_Circle.png"
                  />
                </div>
                <div>
                  BOBA
                </div>
              </div>
            </div>
            <div
              class="sc-gEvEer gHvMIw sc-kpDqfm dNCyQl sc-gFVvzn dXXkBv"
              style="max-width: 80px;"
            >
              <div
                class="sc-fXSgeo dMMuCu"
              >
                20.0000
              </div>
            </div>
            <div
              class="sc-gEvEer gHvMIw sc-kpDqfm dNCyQl sc-gFVvzn dXXkBv"
              style="max-width: 88px;"
            >
              <div
                class="sc-JrDLc dFcwoC"
              >
                Completed
              </div>
            </div>
          </div>
          <div
            class="sc-gEvEer gHvMIw sc-dhKdcB enHwnG sc-gFVvzn dXXkBv"
          >
            <div
              class="sc-gEvEer gHvMIw sc-kpDqfm dNCyQl sc-gFVvzn dXXkBv"
              style="max-width: 168px;"
            >
              <div
                class="sc-dCFHLb jpVGjy"
              >
                11 Jul 2023 01:31 PM
              </div>
            </div>
            <div
              class="sc-gEvEer gHvMIw sc-kpDqfm dNCyQl sc-gFVvzn dXXkBv"
              style="max-width: 142px;"
            >
              <div
                class="sc-fhzFiK ejIwNm"
              >
                <div
                  class="sc-fjvvzt fZRxIa"
                >
                  <div
                    class="sc-bbSZdi iLQiTi"
                  >
                    <div>
                      <div
                        data-src="ethereum.svg"
                        src=""
                      />
                    </div>
                  </div>
                </div>
                <div
                  class="sc-jxOSlx endZYO"
                >
                  <div
                    class="sc-lcIPJg hCgCxe"
                  >
                    Goerli
                  </div>
                  <a
                    class="sc-kdBSHD deZiCf"
                    href="https://goerli.etherscan.io/tx/0x30c27ee667cd51a2ad4df0f26c707c84404ea124e6fe2dda238afbcdb9bdf98e"
                    rel="noopener noreferrer"
                    target="_blank"
                  >
                    Tx: 0x30...f98e
                  </a>
                </div>
              </div>
            </div>
            <div
              class="sc-gEvEer gHvMIw sc-kpDqfm dNCyQl sc-gFVvzn dXXkBv"
              style="max-width: 142px;"
            >
              <div
                class="sc-fhzFiK ejIwNm"
              >
                <div
                  class="sc-fjvvzt fZRxIa"
                >
                  <div
                    class="sc-bbSZdi iLQiTi"
                  >
                    <div>
                      <div
                        data-src="bobaEth.svg"
                        src=""
                      />
                    </div>
                  </div>
                </div>
                <div
                  class="sc-jxOSlx endZYO"
                >
                  <div
                    class="sc-lcIPJg hCgCxe"
                  >
                    Boba Goerli
                  </div>
                  <a
                    class="sc-kdBSHD deZiCf"
                    href="https://testnet.bobascan.com/tx/0xc4e42fb83f4bfb876404f29527b2c9906840406fd8f669070cecbb31eb8d011c"
                    rel="noopener noreferrer"
                    target="_blank"
                  >
                    Tx: 0xc4...011c
                  </a>
                </div>
              </div>
            </div>
            <div
              class="sc-gEvEer gHvMIw sc-kpDqfm dNCyQl sc-gFVvzn dXXkBv"
              style="max-width: 90px;"
            >
              <div
                class="sc-esYiGF cCTKcj"
              >
                <div
                  class="sc-fjvvzt fZRxIa"
                >
                  <div
                    class="sc-bbSZdi iLQiTi"
                  >
                    <div>
                      <div
                        data-src="https://raw.githubusercontent.com/bobanetwork/token-list/main/assets/eth.svg"
                        src=""
                      />
                    </div>
                  </div>
                </div>
                <div>
                  ETH
                </div>
              </div>
            </div>
            <div
              class="sc-gEvEer gHvMIw sc-kpDqfm dNCyQl sc-gFVvzn dXXkBv"
              style="max-width: 80px;"
            >
              <div
                class="sc-fXSgeo dMMuCu"
              >
                0.0300
              </div>
            </div>
            <div
              class="sc-gEvEer gHvMIw sc-kpDqfm dNCyQl sc-gFVvzn dXXkBv"
              style="max-width: 88px;"
            >
              <div
                class="sc-JrDLc dFcwoC"
              >
                Completed
              </div>
            </div>
          </div>
          <div
            class="sc-gEvEer gHvMIw sc-dhKdcB enHwnG sc-gFVvzn dXXkBv"
          >
            <div
              class="sc-gEvEer gHvMIw sc-kpDqfm dNCyQl sc-gFVvzn dXXkBv"
              style="max-width: 168px;"
            >
              <div
                class="sc-dCFHLb jpVGjy"
              >
                10 Jul 2023 04:31 PM
              </div>
            </div>
            <div
              class="sc-gEvEer gHvMIw sc-kpDqfm dNCyQl sc-gFVvzn dXXkBv"
              style="max-width: 142px;"
            >
              <div
                class="sc-fhzFiK ejIwNm"
              >
                <div
                  class="sc-fjvvzt fZRxIa"
                >
                  <div
                    class="sc-bbSZdi iLQiTi"
                  >
                    <div>
                      <div
                        data-src="bobaEth.svg"
                        src=""
                      />
                    </div>
                  </div>
                </div>
                <div
                  class="sc-jxOSlx endZYO"
                >
                  <div
                    class="sc-lcIPJg hCgCxe"
                  >
                    Boba Goerli
                  </div>
                  <a
                    class="sc-kdBSHD deZiCf"
                    href="https://testnet.bobascan.com/tx/0x54b9f38f649f85d4857aa73c278ec531b14790e6f8206326b19978b568a632fb"
                    rel="noopener noreferrer"
                    target="_blank"
                  >
                    Tx: 0x54...32fb
                  </a>
                </div>
              </div>
            </div>
            <div
              class="sc-gEvEer gHvMIw sc-kpDqfm dNCyQl sc-gFVvzn dXXkBv"
              style="max-width: 142px;"
            >
              <div
                class="sc-fhzFiK ejIwNm"
              >
                <div
                  class="sc-fjvvzt fZRxIa"
                >
                  <div
                    class="sc-bbSZdi iLQiTi"
                  >
                    <div>
                      <div
                        data-src="ethereum.svg"
                        src=""
                      />
                    </div>
                  </div>
                </div>
                <div
                  class="sc-jxOSlx endZYO"
                >
                  <div
                    class="sc-lcIPJg hCgCxe"
                  >
                    Goerli
                  </div>
                  <a
                    class="sc-kdBSHD deZiCf"
                    href="https://goerli.etherscan.io/tx/0x7237046849fedbfa5cca30eb6ce4454302a2e37531ab9af44ed6a0d587cb1124"
                    rel="noopener noreferrer"
                    target="_blank"
                  >
                    Tx: 0x72...1124
                  </a>
                </div>
              </div>
            </div>
            <div
              class="sc-gEvEer gHvMIw sc-kpDqfm dNCyQl sc-gFVvzn dXXkBv"
              style="max-width: 90px;"
            >
              <div
                class="sc-esYiGF cCTKcj"
              >
                <div
                  class="sc-fjvvzt fZRxIa"
                >
                  <img
                    alt="boba network"
                    class="sc-fBWQRz cFLrru"
                    src="Boba_Logo_White_Circle.png"
                  />
                </div>
                <div>
                  BOBA
                </div>
              </div>
            </div>
            <div
              class="sc-gEvEer gHvMIw sc-kpDqfm dNCyQl sc-gFVvzn dXXkBv"
              style="max-width: 80px;"
            >
              <div
                class="sc-fXSgeo dMMuCu"
              >
                13.0000
              </div>
            </div>
            <div
              class="sc-gEvEer gHvMIw sc-kpDqfm dNCyQl sc-gFVvzn dXXkBv"
              style="max-width: 88px;"
            >
              <div
                class="sc-JrDLc dFcwoC"
              >
                Completed
              </div>
            </div>
          </div>
          <div
            class="sc-gEvEer gHvMIw sc-dhKdcB enHwnG sc-gFVvzn dXXkBv"
          >
            <div
              class="sc-gEvEer gHvMIw sc-kpDqfm dNCyQl sc-gFVvzn dXXkBv"
              style="max-width: 168px;"
            >
              <div
                class="sc-dCFHLb jpVGjy"
              >
                10 Jul 2023 04:05 PM
              </div>
            </div>
            <div
              class="sc-gEvEer gHvMIw sc-kpDqfm dNCyQl sc-gFVvzn dXXkBv"
              style="max-width: 142px;"
            >
              <div
                class="sc-fhzFiK ejIwNm"
              >
                <div
                  class="sc-fjvvzt fZRxIa"
                >
                  <div
                    class="sc-bbSZdi iLQiTi"
                  >
                    <div>
                      <div
                        data-src="ethereum.svg"
                        src=""
                      />
                    </div>
                  </div>
                </div>
                <div
                  class="sc-jxOSlx endZYO"
                >
                  <div
                    class="sc-lcIPJg hCgCxe"
                  >
                    Goerli
                  </div>
                  <a
                    class="sc-kdBSHD deZiCf"
                    href="https://goerli.etherscan.io/tx/0x6d7c3b2c833bf55a4c6fd1e4ae0611f49a8e1471fa9aa12928bf177ba0bc3172"
                    rel="noopener noreferrer"
                    target="_blank"
                  >
                    Tx: 0x6d...3172
                  </a>
                </div>
              </div>
            </div>
            <div
              class="sc-gEvEer gHvMIw sc-kpDqfm dNCyQl sc-gFVvzn dXXkBv"
              style="max-width: 142px;"
            >
              <div
                class="sc-fhzFiK ejIwNm"
              >
                <div
                  class="sc-fjvvzt fZRxIa"
                >
                  <div
                    class="sc-bbSZdi iLQiTi"
                  >
                    <div>
                      <div
                        data-src="bobaEth.svg"
                        src=""
                      />
                    </div>
                  </div>
                </div>
                <div
                  class="sc-jxOSlx endZYO"
                >
                  <div
                    class="sc-lcIPJg hCgCxe"
                  >
                    Boba Goerli
                  </div>
                  <a
                    class="sc-kdBSHD deZiCf"
                    href="https://testnet.bobascan.com/tx/0x96d8de3ff0a1ddde0cd4562b9906fe2b780489984c6c3cfb5127f899b4bb8ff3"
                    rel="noopener noreferrer"
                    target="_blank"
                  >
                    Tx: 0x96...8ff3
                  </a>
                </div>
              </div>
            </div>
            <div
              class="sc-gEvEer gHvMIw sc-kpDqfm dNCyQl sc-gFVvzn dXXkBv"
              style="max-width: 90px;"
            >
              <div
                class="sc-esYiGF cCTKcj"
              >
                <div
                  class="sc-fjvvzt fZRxIa"
                >
                  <img
                    alt="boba network"
                    class="sc-fBWQRz cFLrru"
                    src="Boba_Logo_White_Circle.png"
                  />
                </div>
                <div>
                  BOBA
                </div>
              </div>
            </div>
            <div
              class="sc-gEvEer gHvMIw sc-kpDqfm dNCyQl sc-gFVvzn dXXkBv"
              style="max-width: 80px;"
            >
              <div
                class="sc-fXSgeo dMMuCu"
              >
                20.0000
              </div>
            </div>
            <div
              class="sc-gEvEer gHvMIw sc-kpDqfm dNCyQl sc-gFVvzn dXXkBv"
              style="max-width: 88px;"
            >
              <div
                class="sc-JrDLc dFcwoC"
              >
                Completed
              </div>
            </div>
          </div>
          <div
            class="sc-gEvEer gHvMIw sc-dhKdcB enHwnG sc-gFVvzn dXXkBv"
          >
            <div
              class="sc-gEvEer gHvMIw sc-kpDqfm dNCyQl sc-gFVvzn dXXkBv"
              style="max-width: 168px;"
            >
              <div
                class="sc-dCFHLb jpVGjy"
              >
                07 Jul 2023 04:47 PM
              </div>
            </div>
            <div
              class="sc-gEvEer gHvMIw sc-kpDqfm dNCyQl sc-gFVvzn dXXkBv"
              style="max-width: 142px;"
            >
              <div
                class="sc-fhzFiK ejIwNm"
              >
                <div
                  class="sc-fjvvzt fZRxIa"
                >
                  <div
                    class="sc-bbSZdi iLQiTi"
                  >
                    <div>
                      <div
                        data-src="bobaEth.svg"
                        src=""
                      />
                    </div>
                  </div>
                </div>
                <div
                  class="sc-jxOSlx endZYO"
                >
                  <div
                    class="sc-lcIPJg hCgCxe"
                  >
                    Boba Goerli
                  </div>
                  <a
                    class="sc-kdBSHD deZiCf"
                    href="https://testnet.bobascan.com/tx/0xa681b7ebeb778c676d375b2cd8cf9b61f61a2a5b04953d9cc1730f989f9f146e"
                    rel="noopener noreferrer"
                    target="_blank"
                  >
                    Tx: 0xa6...146e
                  </a>
                </div>
              </div>
            </div>
            <div
              class="sc-gEvEer gHvMIw sc-kpDqfm dNCyQl sc-gFVvzn dXXkBv"
              style="max-width: 142px;"
            >
              <div
                class="sc-fhzFiK ejIwNm"
              >
                <div
                  class="sc-fjvvzt fZRxIa"
                >
                  <div
                    class="sc-bbSZdi iLQiTi"
                  >
                    <div>
                      <div
                        data-src="ethereum.svg"
                        src=""
                      />
                    </div>
                  </div>
                </div>
                <div
                  class="sc-jxOSlx endZYO"
                >
                  <div
                    class="sc-lcIPJg hCgCxe"
                  >
                    Goerli
                  </div>
                  <a
                    class="sc-kdBSHD deZiCf"
                    href="https://goerli.etherscan.io/tx/0x1f21a5b056f06d645d33d268e24cd4ba6525f310c95150b51e41598a5223aba4"
                    rel="noopener noreferrer"
                    target="_blank"
                  >
                    Tx: 0x1f...aba4
                  </a>
                </div>
              </div>
            </div>
            <div
              class="sc-gEvEer gHvMIw sc-kpDqfm dNCyQl sc-gFVvzn dXXkBv"
              style="max-width: 90px;"
            >
              <div
                class="sc-esYiGF cCTKcj"
              >
                <div
                  class="sc-fjvvzt fZRxIa"
                >
                  <img
                    alt="boba network"
                    class="sc-fBWQRz cFLrru"
                    src="Boba_Logo_White_Circle.png"
                  />
                </div>
                <div>
                  BOBA
                </div>
              </div>
            </div>
            <div
              class="sc-gEvEer gHvMIw sc-kpDqfm dNCyQl sc-gFVvzn dXXkBv"
              style="max-width: 80px;"
            >
              <div
                class="sc-fXSgeo dMMuCu"
              >
                15.0000
              </div>
            </div>
            <div
              class="sc-gEvEer gHvMIw sc-kpDqfm dNCyQl sc-gFVvzn dXXkBv"
              style="max-width: 88px;"
            >
              <div
                class="sc-JrDLc dFcwoC"
              >
                Completed
              </div>
            </div>
          </div>
          <div
            class="sc-gEvEer gHvMIw sc-dhKdcB enHwnG sc-gFVvzn dXXkBv"
          >
            <div
              class="sc-gEvEer gHvMIw sc-kpDqfm dNCyQl sc-gFVvzn dXXkBv"
              style="max-width: 168px;"
            >
              <div
                class="sc-dCFHLb jpVGjy"
              >
                06 Jul 2023 10:25 PM
              </div>
            </div>
            <div
              class="sc-gEvEer gHvMIw sc-kpDqfm dNCyQl sc-gFVvzn dXXkBv"
              style="max-width: 142px;"
            >
              <div
                class="sc-fhzFiK ejIwNm"
              >
                <div
                  class="sc-fjvvzt fZRxIa"
                >
                  <div
                    class="sc-bbSZdi iLQiTi"
                  >
                    <div>
                      <div
                        data-src="bobaEth.svg"
                        src=""
                      />
                    </div>
                  </div>
                </div>
                <div
                  class="sc-jxOSlx endZYO"
                >
                  <div
                    class="sc-lcIPJg hCgCxe"
                  >
                    Boba Goerli
                  </div>
                  <a
                    class="sc-kdBSHD deZiCf"
                    href="https://testnet.bobascan.com/tx/0xbd32053a927efbd907f2dfe0a28af9f6af487b6d79d118a83ac8fe3408f97c47"
                    rel="noopener noreferrer"
                    target="_blank"
                  >
                    Tx: 0xbd...7c47
                  </a>
                </div>
              </div>
            </div>
            <div
              class="sc-gEvEer gHvMIw sc-kpDqfm dNCyQl sc-gFVvzn dXXkBv"
              style="max-width: 142px;"
            >
              <div
                class="sc-fhzFiK ejIwNm"
              >
                <div
                  class="sc-fjvvzt fZRxIa"
                >
                  <div
                    class="sc-bbSZdi iLQiTi"
                  >
                    <div>
                      <div
                        data-src="ethereum.svg"
                        src=""
                      />
                    </div>
                  </div>
                </div>
                <div
                  class="sc-jxOSlx endZYO"
                >
                  <div
                    class="sc-lcIPJg hCgCxe"
                  >
                    Goerli
                  </div>
                  <a
                    class="sc-kdBSHD deZiCf"
                    href="https://goerli.etherscan.io/tx/0xf1e7b97e267eba6e8fc8ab063e50d720a310c23598dab3d2cb09734f9435213a"
                    rel="noopener noreferrer"
                    target="_blank"
                  >
                    Tx: 0xf1...213a
                  </a>
                </div>
              </div>
            </div>
            <div
              class="sc-gEvEer gHvMIw sc-kpDqfm dNCyQl sc-gFVvzn dXXkBv"
              style="max-width: 90px;"
            >
              <div
                class="sc-esYiGF cCTKcj"
              >
                <div
                  class="sc-fjvvzt fZRxIa"
                >
                  <img
                    alt="boba network"
                    class="sc-fBWQRz cFLrru"
                    src="Boba_Logo_White_Circle.png"
                  />
                </div>
                <div>
                  BOBA
                </div>
              </div>
            </div>
            <div
              class="sc-gEvEer gHvMIw sc-kpDqfm dNCyQl sc-gFVvzn dXXkBv"
              style="max-width: 80px;"
            >
              <div
                class="sc-fXSgeo dMMuCu"
              >
                20.0000
              </div>
            </div>
            <div
              class="sc-gEvEer gHvMIw sc-kpDqfm dNCyQl sc-gFVvzn dXXkBv"
              style="max-width: 88px;"
            >
              <div
                class="sc-JrDLc dFcwoC"
              >
                Completed
              </div>
            </div>
          </div>
          <div
            class="sc-gEvEer gHvMIw sc-dhKdcB enHwnG sc-gFVvzn dXXkBv"
          >
            <div
              class="sc-gEvEer gHvMIw sc-kpDqfm dNCyQl sc-gFVvzn dXXkBv"
              style="max-width: 168px;"
            >
              <div
                class="sc-dCFHLb jpVGjy"
              >
                06 Jul 2023 05:29 PM
              </div>
            </div>
            <div
              class="sc-gEvEer gHvMIw sc-kpDqfm dNCyQl sc-gFVvzn dXXkBv"
              style="max-width: 142px;"
            >
              <div
                class="sc-fhzFiK ejIwNm"
              >
                <div
                  class="sc-fjvvzt fZRxIa"
                >
                  <div
                    class="sc-bbSZdi iLQiTi"
                  >
                    <div>
                      <div
                        data-src="bobaEth.svg"
                        src=""
                      />
                    </div>
                  </div>
                </div>
                <div
                  class="sc-jxOSlx endZYO"
                >
                  <div
                    class="sc-lcIPJg hCgCxe"
                  >
                    Boba Goerli
                  </div>
                  <a
                    class="sc-kdBSHD deZiCf"
                    href="https://testnet.bobascan.com/tx/0xedef20eecda1be0ef60c7a99ede5ad46e89ba7708e908eb652261a8aa11603df"
                    rel="noopener noreferrer"
                    target="_blank"
                  >
                    Tx: 0xed...03df
                  </a>
                </div>
              </div>
            </div>
            <div
              class="sc-gEvEer gHvMIw sc-kpDqfm dNCyQl sc-gFVvzn dXXkBv"
              style="max-width: 142px;"
            >
              <div
                class="sc-fhzFiK ejIwNm"
              >
                <div
                  class="sc-fjvvzt fZRxIa"
                >
                  <div
                    class="sc-bbSZdi iLQiTi"
                  >
                    <div>
                      <div
                        data-src="ethereum.svg"
                        src=""
                      />
                    </div>
                  </div>
                </div>
                <div
                  class="sc-jxOSlx endZYO"
                >
                  <div
                    class="sc-lcIPJg hCgCxe"
                  >
                    Goerli
                  </div>
                  <a
                    class="sc-kdBSHD deZiCf"
                    href="https://goerli.etherscan.io/tx/0x8ff4ef323cb1b208133896369f1637a7c457d55f089a3570194371c0697ede8b"
                    rel="noopener noreferrer"
                    target="_blank"
                  >
                    Tx: 0x8f...de8b
                  </a>
                </div>
              </div>
            </div>
            <div
              class="sc-gEvEer gHvMIw sc-kpDqfm dNCyQl sc-gFVvzn dXXkBv"
              style="max-width: 90px;"
            >
              <div
                class="sc-esYiGF cCTKcj"
              >
                <div
                  class="sc-fjvvzt fZRxIa"
                >
                  <img
                    alt="boba network"
                    class="sc-fBWQRz cFLrru"
                    src="Boba_Logo_White_Circle.png"
                  />
                </div>
                <div>
                  BOBA
                </div>
              </div>
            </div>
            <div
              class="sc-gEvEer gHvMIw sc-kpDqfm dNCyQl sc-gFVvzn dXXkBv"
              style="max-width: 80px;"
            >
              <div
                class="sc-fXSgeo dMMuCu"
              >
                30.0000
              </div>
            </div>
            <div
              class="sc-gEvEer gHvMIw sc-kpDqfm dNCyQl sc-gFVvzn dXXkBv"
              style="max-width: 88px;"
            >
              <div
                class="sc-JrDLc dFcwoC"
              >
                Completed
              </div>
            </div>
          </div>
          <div
            class="sc-gEvEer gHvMIw sc-dhKdcB enHwnG sc-gFVvzn dXXkBv"
          >
            <div
              class="sc-gEvEer gHvMIw sc-kpDqfm dNCyQl sc-gFVvzn dXXkBv"
              style="max-width: 168px;"
            >
              <div
                class="sc-dCFHLb jpVGjy"
              >
                05 Jul 2023 06:11 PM
              </div>
            </div>
            <div
              class="sc-gEvEer gHvMIw sc-kpDqfm dNCyQl sc-gFVvzn dXXkBv"
              style="max-width: 142px;"
            >
              <div
                class="sc-fhzFiK ejIwNm"
              >
                <div
                  class="sc-fjvvzt fZRxIa"
                >
                  <div
                    class="sc-bbSZdi iLQiTi"
                  >
                    <div>
                      <div
                        data-src="ethereum.svg"
                        src=""
                      />
                    </div>
                  </div>
                </div>
                <div
                  class="sc-jxOSlx endZYO"
                >
                  <div
                    class="sc-lcIPJg hCgCxe"
                  >
                    Goerli
                  </div>
                  <a
                    class="sc-kdBSHD deZiCf"
                    href="https://goerli.etherscan.io/tx/0xc590cb9dd4b18d07f9b510b1f665ce0fc173860abe2f3d30fdbe70fb3145e333"
                    rel="noopener noreferrer"
                    target="_blank"
                  >
                    Tx: 0xc5...e333
                  </a>
                </div>
              </div>
            </div>
            <div
              class="sc-gEvEer gHvMIw sc-kpDqfm dNCyQl sc-gFVvzn dXXkBv"
              style="max-width: 142px;"
            >
              <div
                class="sc-fhzFiK ejIwNm"
              >
                <div
                  class="sc-fjvvzt fZRxIa"
                >
                  <div
                    class="sc-bbSZdi iLQiTi"
                  >
                    <div>
                      <div
                        data-src="bobaEth.svg"
                        src=""
                      />
                    </div>
                  </div>
                </div>
                <div
                  class="sc-jxOSlx endZYO"
                >
                  <div
                    class="sc-lcIPJg hCgCxe"
                  >
                    Boba Goerli
                  </div>
                  <a
                    class="sc-kdBSHD deZiCf"
                    href="https://testnet.bobascan.com/tx/0xcce24215c94ff680320207d12f3beaf2c23cd5ca3260f577b24f1a8c8d581810"
                    rel="noopener noreferrer"
                    target="_blank"
                  >
                    Tx: 0xcc...1810
                  </a>
                </div>
              </div>
            </div>
            <div
              class="sc-gEvEer gHvMIw sc-kpDqfm dNCyQl sc-gFVvzn dXXkBv"
              style="max-width: 90px;"
            >
              <div
                class="sc-esYiGF cCTKcj"
              >
                <div
                  class="sc-fjvvzt fZRxIa"
                >
                  <div
                    class="sc-bbSZdi iLQiTi"
                  >
                    <div>
                      <div
                        data-src="https://raw.githubusercontent.com/bobanetwork/token-list/main/assets/eth.svg"
                        src=""
                      />
                    </div>
                  </div>
                </div>
                <div>
                  ETH
                </div>
              </div>
            </div>
            <div
              class="sc-gEvEer gHvMIw sc-kpDqfm dNCyQl sc-gFVvzn dXXkBv"
              style="max-width: 80px;"
            >
              <div
                class="sc-fXSgeo dMMuCu"
              >
                0.0001
              </div>
            </div>
            <div
              class="sc-gEvEer gHvMIw sc-kpDqfm dNCyQl sc-gFVvzn dXXkBv"
              style="max-width: 88px;"
            >
              <div
                class="sc-JrDLc dFcwoC"
              >
                Completed
              </div>
            </div>
          </div>
          <div
            class="sc-gEvEer gHvMIw sc-dhKdcB enHwnG sc-gFVvzn dXXkBv"
          >
            <div
              class="sc-gEvEer gHvMIw sc-kpDqfm dNCyQl sc-gFVvzn dXXkBv"
              style="max-width: 168px;"
            >
              <div
                class="sc-dCFHLb jpVGjy"
              >
                05 Jul 2023 05:24 PM
              </div>
            </div>
            <div
              class="sc-gEvEer gHvMIw sc-kpDqfm dNCyQl sc-gFVvzn dXXkBv"
              style="max-width: 142px;"
            >
              <div
                class="sc-fhzFiK ejIwNm"
              >
                <div
                  class="sc-fjvvzt fZRxIa"
                >
                  <div
                    class="sc-bbSZdi iLQiTi"
                  >
                    <div>
                      <div
                        data-src="bobaEth.svg"
                        src=""
                      />
                    </div>
                  </div>
                </div>
                <div
                  class="sc-jxOSlx endZYO"
                >
                  <div
                    class="sc-lcIPJg hCgCxe"
                  >
                    Boba Goerli
                  </div>
                  <a
                    class="sc-kdBSHD deZiCf"
                    href="https://testnet.bobascan.com/tx/0x6c3c97931034f330c8873d1ea20d1b26b4f430e8da8e76ef65c9a1ce69a86481"
                    rel="noopener noreferrer"
                    target="_blank"
                  >
                    Tx: 0x6c...6481
                  </a>
                </div>
              </div>
            </div>
            <div
              class="sc-gEvEer gHvMIw sc-kpDqfm dNCyQl sc-gFVvzn dXXkBv"
              style="max-width: 142px;"
            >
              <div
                class="sc-fhzFiK ejIwNm"
              >
                <div
                  class="sc-fjvvzt fZRxIa"
                >
                  <div
                    class="sc-bbSZdi iLQiTi"
                  >
                    <div>
                      <div
                        data-src="ethereum.svg"
                        src=""
                      />
                    </div>
                  </div>
                </div>
                <div
                  class="sc-jxOSlx endZYO"
                >
                  <div
                    class="sc-lcIPJg hCgCxe"
                  >
                    Goerli
                  </div>
                  <a
                    class="sc-kdBSHD deZiCf"
                    href="https://goerli.etherscan.io/tx/0xccf6ea1f7896e13897bca15616ebb821e3afdf6a5a5274624c474e98e290360c"
                    rel="noopener noreferrer"
                    target="_blank"
                  >
                    Tx: 0xcc...360c
                  </a>
                </div>
              </div>
            </div>
            <div
              class="sc-gEvEer gHvMIw sc-kpDqfm dNCyQl sc-gFVvzn dXXkBv"
              style="max-width: 90px;"
            >
              <div
                class="sc-esYiGF cCTKcj"
              >
                <div
                  class="sc-fjvvzt fZRxIa"
                >
                  <img
                    alt="boba network"
                    class="sc-fBWQRz cFLrru"
                    src="Boba_Logo_White_Circle.png"
                  />
                </div>
                <div>
                  BOBA
                </div>
              </div>
            </div>
            <div
              class="sc-gEvEer gHvMIw sc-kpDqfm dNCyQl sc-gFVvzn dXXkBv"
              style="max-width: 80px;"
            >
              <div
                class="sc-fXSgeo dMMuCu"
              >
                20.0000
              </div>
            </div>
            <div
              class="sc-gEvEer gHvMIw sc-kpDqfm dNCyQl sc-gFVvzn dXXkBv"
              style="max-width: 88px;"
            >
              <div
                class="sc-JrDLc dFcwoC"
              >
                Completed
              </div>
            </div>
          </div>
          <div
            class="sc-gEvEer gHvMIw sc-dhKdcB enHwnG sc-gFVvzn dXXkBv"
          >
            <div
              class="sc-gEvEer gHvMIw sc-kpDqfm dNCyQl sc-gFVvzn dXXkBv"
              style="max-width: 168px;"
            >
              <div
                class="sc-dCFHLb jpVGjy"
              >
                04 Jul 2023 12:05 AM
              </div>
            </div>
            <div
              class="sc-gEvEer gHvMIw sc-kpDqfm dNCyQl sc-gFVvzn dXXkBv"
              style="max-width: 142px;"
            >
              <div
                class="sc-fhzFiK ejIwNm"
              >
                <div
                  class="sc-fjvvzt fZRxIa"
                >
                  <div
                    class="sc-bbSZdi iLQiTi"
                  >
                    <div>
                      <div
                        data-src="bobaEth.svg"
                        src=""
                      />
                    </div>
                  </div>
                </div>
                <div
                  class="sc-jxOSlx endZYO"
                >
                  <div
                    class="sc-lcIPJg hCgCxe"
                  >
                    Boba Goerli
                  </div>
                  <a
                    class="sc-kdBSHD deZiCf"
                    href="https://testnet.bobascan.com/tx/0x560759950bea44486efa9af0e4e0e73e92bc2727031be24086422220a0810762"
                    rel="noopener noreferrer"
                    target="_blank"
                  >
                    Tx: 0x56...0762
                  </a>
                </div>
              </div>
            </div>
            <div
              class="sc-gEvEer gHvMIw sc-kpDqfm dNCyQl sc-gFVvzn dXXkBv"
              style="max-width: 142px;"
            >
              <div
                class="sc-fhzFiK ejIwNm"
              >
                <div
                  class="sc-fjvvzt fZRxIa"
                >
                  <div
                    class="sc-bbSZdi iLQiTi"
                  >
                    <div>
                      <div
                        data-src="ethereum.svg"
                        src=""
                      />
                    </div>
                  </div>
                </div>
                <div
                  class="sc-jxOSlx endZYO"
                >
                  <div
                    class="sc-lcIPJg hCgCxe"
                  >
                    Goerli
                  </div>
                  <a
                    class="sc-kdBSHD deZiCf"
                    href="https://goerli.etherscan.io/tx/0x206b55825e96adae5f9b0593035b018b74e882e8ac94651227ee08cabf1d04ea"
                    rel="noopener noreferrer"
                    target="_blank"
                  >
                    Tx: 0x20...04ea
                  </a>
                </div>
              </div>
            </div>
            <div
              class="sc-gEvEer gHvMIw sc-kpDqfm dNCyQl sc-gFVvzn dXXkBv"
              style="max-width: 90px;"
            >
              <div
                class="sc-esYiGF cCTKcj"
              >
                <div
                  class="sc-fjvvzt fZRxIa"
                >
                  <div
                    class="sc-bbSZdi iLQiTi"
                  >
                    <div>
                      <div
                        data-src="https://raw.githubusercontent.com/bobanetwork/token-list/main/assets/eth.svg"
                        src=""
                      />
                    </div>
                  </div>
                </div>
                <div>
                  ETH
                </div>
              </div>
            </div>
            <div
              class="sc-gEvEer gHvMIw sc-kpDqfm dNCyQl sc-gFVvzn dXXkBv"
              style="max-width: 80px;"
            >
              <div
                class="sc-fXSgeo dMMuCu"
              >
                0.0001
              </div>
            </div>
            <div
              class="sc-gEvEer gHvMIw sc-kpDqfm dNCyQl sc-gFVvzn dXXkBv"
              style="max-width: 88px;"
            >
              <div
                class="sc-JrDLc dFcwoC"
              >
                Completed
              </div>
            </div>
          </div>
        </div>
      </div>
    </div>
  </div>
</DocumentFragment>
`;

exports[`Testing history page Test transaction resolver 1`] = `
<DocumentFragment>
  <div
    class="sc-eBMEME dVaNsN"
  />
  <div
    class="sc-Nxspf jecnEz"
  >
    <div>
      <div>
        <div
          data-src="noHistory.svg"
          src=""
        />
      </div>
    </div>
    <div>
      No Transactions Matching Filter.
    </div>
  </div>
</DocumentFragment>
`;
