// Jest Snapshot v1, https://goo.gl/fbAQLP

exports[`3rd Party Bridges should match snapshot when network is BNB Mainnet 1`] = `<DocumentFragment />`;

exports[`3rd Party Bridges should match snapshot when network is ETH Mainnet 1`] = `
<DocumentFragment>
  <div
    class="sc-eeDRCY jQGxeL"
  >
    <p
      class="sc-dAlyuH kHUTXv sc-fHjqPf iYUju"
    >
      Third party bridges
    </p>
    <div
      class="sc-koXPp hceIlS"
    >
      <a
        class="sc-hmdomO bSzozm"
        data-testid="bridge-item"
        href="https://boba.banxa.com/"
        rel="noopener noreferrer"
        target="_blank"
      >
        <div
          class="sc-bXCLTC gFIpNr"
        >
          <img
            alt="Banxa logo"
            height="32px"
            src="https://raw.githubusercontent.com/bobanetwork/gateway-data/main/bridges/icons/banxa.svg"
            width="32px"
          />
        </div>
        <p
          class="sc-dAlyuH kHtXaE sc-jsJBEP czKeTg"
        >
          Banxa
        </p>
      </a>
    </div>
  </div>
</DocumentFragment>
`;

exports[`3rd Party Bridges should match snapshot when network is TESTNET 1`] = `<DocumentFragment />`;
