// Jest Snapshot v1, https://goo.gl/fbAQLP

exports[`PageTitle should match snapshots head 1`] = `
<DocumentFragment>
  <div
    class="sc-eqUAAy gynfuv"
    id="title"
  >
    <h1
      class="sc-aXZVg isOYYe sc-fqkvVR jqWeRQ"
    >
      Page Title
    </h1>
    This is the current slug
  </div>
</DocumentFragment>
`;
